PCOMutationParityTest:test_deposit_succeeds_ownerCanDeposit() (gas: 311994)
PCOMutationParityTest:test_exit_succeeds_withdrawsEntireDeposit() (gas: 297540)
PCOMutationParityTest:test_selfAssess_succeeds_ownerIncreasesValuation() (gas: 311281)
PCOMutationParityTest:test_takeoverLease_succeeds_firstPurchaseFromContract() (gas: 201883)
PCOMutationParityTest:test_takeoverLease_succeeds_purchaseFromCurrentOwner() (gas: 366657)
PCOMutationParityTest:test_takeoverLease_succeeds_purchaseFromForeclosure() (gas: 412121)
PCOMutationParityTest:test_withdrawDeposit_succeeds_expectedAmount() (gas: 320385)
PCOReadTaxParityTest:test_parity_013_collectTax_collectsAfterTenMinutes() (gas: 297434)
WrapperParityTest:test_unwrap_afterBeneficiaryWrap() (gas: 384375)
WrapperParityTest:test_unwrap_afterNonBeneficiaryWrap() (gas: 549977)
WrapperParityTest:test_unwrap_collectsTaxAndReturnsDeposit() (gas: 618910)
WrapperParityTest:test_wrap_tokenOwnerCanWrap() (gas: 413157)
